// Jest Snapshot v1, https://goo.gl/fbAQLP

exports[`<Pruebas en PrimeraApp /> debe mostrar <PrimeraApp /> correctamente 1`] = `
<div>
  <h1>
    Hola, soy Boddy perrito
    !!
  </h1>
  <p>
    Soy un subtitle
  </p>
</div>
`;
